{
  "metric": "price_index",
  "value": 101.2,
  "unit": "index",
  "date": "2025-08-09",
  "source": "OECD",
  "topic_id": "ECO"
}